\BOOKMARK [1][-]{section.1}{\376\377\000I\000n\000t\000r\000o\000d\000u\000c\000t\000i\000o\000n}{}% 1
\BOOKMARK [1][-]{section.2}{\376\377\000D\000a\000t\000a\000s\000e\000t}{}% 2
\BOOKMARK [2][-]{subsection.2.1}{\376\377\000T\000e\000x\000t\000\040\000C\000l\000e\000a\000n\000i\000n\000g}{section.2}% 3
\BOOKMARK [1][-]{section.3}{\376\377\000L\000i\000t\000e\000r\000a\000t\000u\000r\000e\000\040\000R\000e\000v\000i\000e\000w}{}% 4
\BOOKMARK [1][-]{section.4}{\376\377\000M\000e\000t\000h\000o\000d\000o\000l\000o\000g\000y}{}% 5
\BOOKMARK [2][-]{subsection.4.1}{\376\377\000B\000a\000s\000e\000l\000i\000n\000e\000\040\000M\000o\000d\000e\000l\000s}{section.4}% 6
\BOOKMARK [2][-]{subsection.4.2}{\376\377\000P\000r\000o\000p\000o\000s\000e\000d\000\040\000M\000e\000t\000h\000o\000d\000:\000\040\000m\000B\000E\000R\000T\000\040\000w\000i\000t\000h\000\040\000A\000d\000a\000p\000t\000e\000r\000s}{section.4}% 7
\BOOKMARK [2][-]{subsection.4.3}{\376\377\000T\000r\000a\000i\000n\000i\000n\000g\000\040\000D\000e\000t\000a\000i\000l\000s}{section.4}% 8
\BOOKMARK [1][-]{section.5}{\376\377\000R\000e\000s\000u\000l\000t\000s}{}% 9
\BOOKMARK [2][-]{subsection.5.1}{\376\377\000E\000n\000g\000l\000i\000s\000h\000\040\000T\000e\000s\000t\000\040\000R\000e\000s\000u\000l\000t\000s}{section.5}% 10
\BOOKMARK [2][-]{subsection.5.2}{\376\377\000M\000u\000l\000t\000i\000l\000i\000n\000g\000u\000a\000l\000\040\000R\000e\000s\000u\000l\000t\000s}{section.5}% 11
\BOOKMARK [2][-]{subsection.5.3}{\376\377\000P\000e\000r\000-\000L\000a\000n\000g\000u\000a\000g\000e\000\040\000R\000e\000s\000u\000l\000t\000s}{section.5}% 12
\BOOKMARK [1][-]{section.6}{\376\377\000A\000b\000l\000a\000t\000i\000o\000n\000\040\000S\000t\000u\000d\000y}{}% 13
\BOOKMARK [2][-]{subsection.6.1}{\376\377\000A\000d\000a\000p\000t\000e\000r\000\040\000S\000i\000z\000e}{section.6}% 14
\BOOKMARK [2][-]{subsection.6.2}{\376\377\000F\000u\000l\000l\000\040\000F\000i\000n\000e\000-\000T\000u\000n\000i\000n\000g\000\040\000v\000s\000.\000\040\000A\000d\000a\000p\000t\000e\000r\000s}{section.6}% 15
\BOOKMARK [2][-]{subsection.6.3}{\376\377\000T\000e\000x\000t\000\040\000C\000l\000e\000a\000n\000i\000n\000g\000\040\000I\000m\000p\000a\000c\000t}{section.6}% 16
\BOOKMARK [1][-]{section.7}{\376\377\000E\000r\000r\000o\000r\000\040\000A\000n\000a\000l\000y\000s\000i\000s}{}% 17
\BOOKMARK [1][-]{section.8}{\376\377\000V\000i\000s\000u\000a\000l\000i\000z\000a\000t\000i\000o\000n\000s}{}% 18
\BOOKMARK [1][-]{section.9}{\376\377\000G\000i\000t\000H\000u\000b\000\040\000a\000n\000d\000\040\000R\000e\000p\000r\000o\000d\000u\000c\000i\000b\000i\000l\000i\000t\000y}{}% 19
\BOOKMARK [1][-]{section.10}{\376\377\000C\000o\000n\000c\000l\000u\000s\000i\000o\000n}{}% 20
